[     710ms] [WARNING] [horizon] horizon-tower-ruin failed to stream RangeError: Invalid typed array length: 4
    at new Uint8Array (<anonymous>)
    at GLTFLoader.parse (http://localhost:5173/node_modules/.vite/deps/three_addons_loaders_GLTFLoader__js.js?v=90b2e9ee:292:40)
    at Object.onLoad (http://localhost:5173/node_modules/.vite/deps/three_addons_loaders_GLTFLoader__js.js?v=90b2e9ee:208:15)
    at http://localhost:5173/node_modules/.vite/deps/chunk-Q5SERUGF.js?v=90b2e9ee:23490:39 @ http://localhost:5173/src/scene/horizon.ts:103
[     711ms] [WARNING] [horizon] horizon-ziggurat-ruin failed to stream RangeError: Invalid typed array length: 4
    at new Uint8Array (<anonymous>)
    at GLTFLoader.parse (http://localhost:5173/node_modules/.vite/deps/three_addons_loaders_GLTFLoader__js.js?v=90b2e9ee:292:40)
    at Object.onLoad (http://localhost:5173/node_modules/.vite/deps/three_addons_loaders_GLTFLoader__js.js?v=90b2e9ee:208:15)
    at http://localhost:5173/node_modules/.vite/deps/chunk-Q5SERUGF.js?v=90b2e9ee:23490:39 @ http://localhost:5173/src/scene/horizon.ts:103
[     711ms] [WARNING] [horizon] horizon-spire-needle failed to stream RangeError: Invalid typed array length: 4
    at new Uint8Array (<anonymous>)
    at GLTFLoader.parse (http://localhost:5173/node_modules/.vite/deps/three_addons_loaders_GLTFLoader__js.js?v=90b2e9ee:292:40)
    at Object.onLoad (http://localhost:5173/node_modules/.vite/deps/three_addons_loaders_GLTFLoader__js.js?v=90b2e9ee:208:15)
    at http://localhost:5173/node_modules/.vite/deps/chunk-Q5SERUGF.js?v=90b2e9ee:23490:39 @ http://localhost:5173/src/scene/horizon.ts:103
[     711ms] [WARNING] [horizon] horizon-arch-buttress failed to stream RangeError: Invalid typed array length: 4
    at new Uint8Array (<anonymous>)
    at GLTFLoader.parse (http://localhost:5173/node_modules/.vite/deps/three_addons_loaders_GLTFLoader__js.js?v=90b2e9ee:292:40)
    at Object.onLoad (http://localhost:5173/node_modules/.vite/deps/three_addons_loaders_GLTFLoader__js.js?v=90b2e9ee:208:15)
    at http://localhost:5173/node_modules/.vite/deps/chunk-Q5SERUGF.js?v=90b2e9ee:23490:39 @ http://localhost:5173/src/scene/horizon.ts:103
[    3426ms] [ERROR] [landmark] tripo failed to stream https://props.pajama.studio/r/pub/20/20f5622ad5665aba3dfd44defa0b3b0d6bb0c1ed27ee058506b88c0c6e294f08.glb RangeError: Invalid typed array length: 4
    at new Uint8Array (<anonymous>)
    at GLTFLoader.parse (http://localhost:5173/node_modules/.vite/deps/three_addons_loaders_GLTFLoader__js.js?v=90b2e9ee:292:40)
    at Object.onLoad (http://localhost:5173/node_modules/.vite/deps/three_addons_loaders_GLTFLoader__js.js?v=90b2e9ee:208:15)
    at http://localhost:5173/node_modules/.vite/deps/chunk-Q5SERUGF.js?v=90b2e9ee:23490:39 @ http://localhost:5173/src/scene/abyss-landmarks.ts:781
[    3427ms] [WARNING] Deferred Tripo oracle load failed; retaining procedural fallback RangeError: Invalid typed array length: 4
    at new Uint8Array (<anonymous>)
    at GLTFLoader.parse (http://localhost:5173/node_modules/.vite/deps/three_addons_loaders_GLTFLoader__js.js?v=90b2e9ee:292:40)
    at Object.onLoad (http://localhost:5173/node_modules/.vite/deps/three_addons_loaders_GLTFLoader__js.js?v=90b2e9ee:208:15)
    at http://localhost:5173/node_modules/.vite/deps/chunk-Q5SERUGF.js?v=90b2e9ee:23490:39 @ http://localhost:5173/src/scene/abyss-landmarks.ts:1153
[    4121ms] [LOG] [frame] pixelRatio → 1.25 (full pipeline rebuild) @ http://localhost:5173/src/main.ts:1134
[    7147ms] [LOG] [frame] render() blocked 3024ms @ http://localhost:5173/src/main.ts:1408
[    7255ms] [ERROR] [landmark] tripo failed to stream https://props.pajama.studio/r/pub/66/66e5bd8eac3347c67f32d7e87f3c414b9415759d9f29ab79f3749a7d7f517026.glb RangeError: Invalid typed array length: 4
    at new Uint8Array (<anonymous>)
    at GLTFLoader.parse (http://localhost:5173/node_modules/.vite/deps/three_addons_loaders_GLTFLoader__js.js?v=90b2e9ee:292:40)
    at Object.onLoad (http://localhost:5173/node_modules/.vite/deps/three_addons_loaders_GLTFLoader__js.js?v=90b2e9ee:208:15)
    at http://localhost:5173/node_modules/.vite/deps/chunk-Q5SERUGF.js?v=90b2e9ee:23490:39 @ http://localhost:5173/src/scene/abyss-landmarks.ts:781
[    7255ms] [WARNING] Deferred Tripo warden load failed; leaving rejected procedural guards absent RangeError: Invalid typed array length: 4
    at new Uint8Array (<anonymous>)
    at GLTFLoader.parse (http://localhost:5173/node_modules/.vite/deps/three_addons_loaders_GLTFLoader__js.js?v=90b2e9ee:292:40)
    at Object.onLoad (http://localhost:5173/node_modules/.vite/deps/three_addons_loaders_GLTFLoader__js.js?v=90b2e9ee:208:15)
    at http://localhost:5173/node_modules/.vite/deps/chunk-Q5SERUGF.js?v=90b2e9ee:23490:39 @ http://localhost:5173/src/scene/abyss-landmarks.ts:1266
[   11116ms] [LOG] [frame] render() blocked 3372ms @ http://localhost:5173/src/main.ts:1408
